Loading weights:   0%|          | 0/399 [00:00<?, ?it/s]Loading weights:   0%|          | 0/399 [00:00<?, ?it/s]Loading weights: 100%|██████████| 399/399 [00:00<00:00, 10649.85it/s]
Loading weights:   0%|          | 0/399 [00:00<?, ?it/s]Loading weights: 100%|██████████| 399/399 [00:00<00:00, 11071.45it/s]
Loading weights: 100%|██████████| 399/399 [00:00<00:00, 13825.78it/s]
Loading weights:   0%|          | 0/399 [00:00<?, ?it/s]Loading weights: 100%|██████████| 399/399 [00:00<00:00, 13816.76it/s]
Loading weights:   0%|          | 0/399 [00:00<?, ?it/s]Loading weights:   0%|          | 0/399 [00:00<?, ?it/s]Loading weights: 100%|██████████| 399/399 [00:00<00:00, 14012.27it/s]
Loading weights: 100%|██████████| 399/399 [00:00<00:00, 14268.16it/s]
Loading weights:   0%|          | 0/399 [00:00<?, ?it/s]Loading weights: 100%|██████████| 399/399 [00:00<00:00, 14370.72it/s]
Loading weights:   0%|          | 0/399 [00:00<?, ?it/s]Loading weights: 100%|██████████| 399/399 [00:00<00:00, 14752.66it/s]
Ulysses SP enabled: sp_size=8 dp_size=1 (world=8). Each SP group splits one sequence; FSDP2 shards weights over the full world mesh.
Two-pass mode: activation checkpointing DISABLED (--no_ac). Ensure per-rank activation memory fits (sp_size>1 recommended).
Trainable gate params: 280 across 36 layers (8 kv-heads each)
[rank0]: Traceback (most recent call last):
[rank0]:   File "/root/paddlejob/share-storage/gpfs/system-public/yudaohai/sparse_refuse/ReAttn/reuse_v1/train_reuse.py", line 1027, in <module>
[rank0]:     main(args)
[rank0]:   File "/root/paddlejob/share-storage/gpfs/system-public/yudaohai/sparse_refuse/ReAttn/reuse_v1/train_reuse.py", line 958, in main
[rank0]:     wandb.init(project="reuse_v1", config=vars(args))
[rank0]:   File "/root/paddlejob/share-storage/gpfs/system-public/yudaohai/sparse_refuse/ReAttn/.venv/lib/python3.10/site-packages/wandb/sdk/wandb_init.py", line 1557, in init
[rank0]:     telemetry_recorder.reraise(e)
[rank0]:   File "/root/paddlejob/share-storage/gpfs/system-public/yudaohai/sparse_refuse/ReAttn/.venv/lib/python3.10/site-packages/wandb/analytics/opentelemetry/opentelemetry_proxy.py", line 354, in reraise
[rank0]:     raise exc
[rank0]:   File "/root/paddlejob/share-storage/gpfs/system-public/yudaohai/sparse_refuse/ReAttn/.venv/lib/python3.10/site-packages/wandb/sdk/wandb_init.py", line 1468, in init
[rank0]:     wi.maybe_login(init_settings)
[rank0]:   File "/root/paddlejob/share-storage/gpfs/system-public/yudaohai/sparse_refuse/ReAttn/.venv/lib/python3.10/site-packages/wandb/sdk/wandb_init.py", line 210, in maybe_login
[rank0]:     wandb_login._login(
[rank0]:   File "/root/paddlejob/share-storage/gpfs/system-public/yudaohai/sparse_refuse/ReAttn/.venv/lib/python3.10/site-packages/wandb/sdk/wandb_login.py", line 195, in _login
[rank0]:     auth = _find_or_prompt_for_key(
[rank0]:   File "/root/paddlejob/share-storage/gpfs/system-public/yudaohai/sparse_refuse/ReAttn/.venv/lib/python3.10/site-packages/wandb/sdk/wandb_login.py", line 275, in _find_or_prompt_for_key
[rank0]:     auth = wbauth.authenticate_session(
[rank0]:   File "/root/paddlejob/share-storage/gpfs/system-public/yudaohai/sparse_refuse/ReAttn/.venv/lib/python3.10/site-packages/wandb/sdk/lib/wbauth/authenticate.py", line 129, in authenticate_session
[rank0]:     raise UsageError(
[rank0]: wandb.errors.errors.UsageError: No API key configured. Use `wandb login` to log in.
[rank0]:[W908 15:47:42.202850585 ProcessGroupNCCL.cpp:1538] Warning: WARNING: destroy_process_group() was not called before program exit, which can leak resources. For more info, please see https://pytorch.org/docs/stable/distributed.html#shutdown (function operator())
W0908 15:47:43.394000 264302 .venv/lib/python3.10/site-packages/torch/distributed/elastic/multiprocessing/api.py:900] Sending process 264365 closing signal SIGTERM
W0908 15:47:43.397000 264302 .venv/lib/python3.10/site-packages/torch/distributed/elastic/multiprocessing/api.py:900] Sending process 264366 closing signal SIGTERM
W0908 15:47:43.398000 264302 .venv/lib/python3.10/site-packages/torch/distributed/elastic/multiprocessing/api.py:900] Sending process 264367 closing signal SIGTERM
W0908 15:47:43.401000 264302 .venv/lib/python3.10/site-packages/torch/distributed/elastic/multiprocessing/api.py:900] Sending process 264368 closing signal SIGTERM
W0908 15:47:43.403000 264302 .venv/lib/python3.10/site-packages/torch/distributed/elastic/multiprocessing/api.py:900] Sending process 264369 closing signal SIGTERM
W0908 15:47:43.404000 264302 .venv/lib/python3.10/site-packages/torch/distributed/elastic/multiprocessing/api.py:900] Sending process 264370 closing signal SIGTERM
W0908 15:47:43.406000 264302 .venv/lib/python3.10/site-packages/torch/distributed/elastic/multiprocessing/api.py:900] Sending process 264371 closing signal SIGTERM
E0908 15:47:46.143000 264302 .venv/lib/python3.10/site-packages/torch/distributed/elastic/multiprocessing/api.py:874] failed (exitcode: 1) local_rank: 0 (pid: 264364) of binary: /root/paddlejob/share-storage/gpfs/system-public/yudaohai/sparse_refuse/ReAttn/.venv/bin/python
Traceback (most recent call last):
  File "/root/paddlejob/share-storage/gpfs/system-public/yudaohai/sparse_refuse/ReAttn/.venv/bin/torchrun", line 10, in <module>
    sys.exit(main())
  File "/root/paddlejob/share-storage/gpfs/system-public/yudaohai/sparse_refuse/ReAttn/.venv/lib/python3.10/site-packages/torch/distributed/elastic/multiprocessing/errors/__init__.py", line 357, in wrapper
    return f(*args, **kwargs)
  File "/root/paddlejob/share-storage/gpfs/system-public/yudaohai/sparse_refuse/ReAttn/.venv/lib/python3.10/site-packages/torch/distributed/run.py", line 901, in main
    run(args)
  File "/root/paddlejob/share-storage/gpfs/system-public/yudaohai/sparse_refuse/ReAttn/.venv/lib/python3.10/site-packages/torch/distributed/run.py", line 892, in run
    elastic_launch(
  File "/root/paddlejob/share-storage/gpfs/system-public/yudaohai/sparse_refuse/ReAttn/.venv/lib/python3.10/site-packages/torch/distributed/launcher/api.py", line 143, in __call__
    return launch_agent(self._config, self._entrypoint, list(args))
  File "/root/paddlejob/share-storage/gpfs/system-public/yudaohai/sparse_refuse/ReAttn/.venv/lib/python3.10/site-packages/torch/distributed/launcher/api.py", line 277, in launch_agent
    raise ChildFailedError(
torch.distributed.elastic.multiprocessing.errors.ChildFailedError: 
============================================================
reuse_v1/train_reuse.py FAILED
------------------------------------------------------------
Failures:
  <NO_OTHER_FAILURES>
------------------------------------------------------------
Root Cause (first observed failure):
[0]:
  time      : 2026-09-08_15:47:43
  host      : tjzj-inf-sci-k8s-bzz2-00064.tjzj.baidu.com
  rank      : 0 (local_rank: 0)
  exitcode  : 1 (pid: 264364)
  error_file: <N/A>
  traceback : To enable traceback see: https://pytorch.org/docs/stable/elastic/errors.html
============================================================
